src/app/(admin)/dashboard/polls/new/page.tsx(7,25): error TS2724: '"@/components/polls/poll-form"' has no exported member named 'PollFormData'. Did you mean 'PollForm'?
src/contexts/upload-queue-context.tsx(4,10): error TS2305: Module '"../components/knowledge-base/upload-queue"' has no exported member 'UploadStatus'.
